
===== [en] 'Central Province, Zambia', 34,911 bytes
  -- infobox --
      official_name = Central
      other_name = 
      native_name = <!-- for cities whose native name is not in English -->
      nickname = 
      settlement_type = [[Provinces of Zambia|Province]]
      motto = 
      image_skyline = 08-18-06 - Kundalila Falls VIII.jpg
      imagesize = 277px
      image_caption = Kundalila Falls
      image_flag = 
      flag_size = 
      image_seal = 
      seal_size = 
      image_shield = 
      shield_size = 
      city_logo = 
      citylogo_size = 
      image_map = Central in Zambia.svg
      mapsize = 
      map_caption = Map of the Central Province
      image_map1 = Zambia districts in Central Province 2022.png
      mapsize1 = 
      map_caption1 = Map of Central Province showing its districts (in pink)
      image_dot_map = 
      dot_mapsize = 
      dot_map_caption = 
      dot_x = 
      dot_y = 
      pushpin_map = <!-- the name of a location map as per http://en.wikipedia.o
      pushpin_label_position = <!-- the position of the pushpin label: left, right, top, bo
      pushpin_map_caption = 
      pushpin_mapsize = 
      coordinates = {{Coord|14|00|S|29|00|E|region:ZM-02_type:adm1st|display=tit
      subdivision_type = Country
      subdivision_name = {{flag|Zambia}}
      subdivision_type1 = 
      subdivision_name1 = 
      subdivision_type2 = 
      subdivision_name2 = 
      subdivision_type3 = 
      subdivision_name3 = 
      subdivision_type4 = 
      subdivision_name4 = 
      seat_type = Capital
      seat = [[Kabwe]]
      government_footnotes = 
      government_type = Provincial Administration
      leader_title = [[Provincial minister (Zambia)|Provincial Minister]]
      leader_name = [[Mwabashike Nkulukusa]]
      leader_title1 = <!-- for places with, say, both a mayor and a city manager -
      leader_name1 = 
      leader_title2 = 
      leader_name2 = 
      leader_title3 = 
      leader_name3 = 
      leader_title4 = 
      leader_name4 = 
      established_title = <!-- Settled -->
      established_date = 
      established_title2 = <!-- Incorporated (town) -->
      established_date2 = 
      established_title3 = <!-- Incorporated (city) -->
      established_date3 = 
      area_magnitude = 
      area_footnotes = 
      area_total_km2 = 110450
      area_land_km2 = 
      area_water_km2 = 
      area_total_sq_mi = 
      area_land_sq_mi = 
      area_water_sq_mi = 
      area_water_percent = 
      area_urban_km2 = 
      area_urban_sq_mi = 
      area_metro_km2 = 
      area_metro_sq_mi = 
    * population_as_of = 2022
    * population_footnotes = <ref name=":02" />
    * population_note = 
    * population_total = 2252483
    * population_density_km2 = auto
    * population_density_sq_mi = 
    * population_metro = 
    * population_density_metro_km2 = 
    * population_density_metro_sq_mi = 
    * population_urban = 
    * population_density_urban_km2 = 
    * population_density_urban_sq_mi = 
    * population_blank1_title = 
    * population_blank1 = 
    * population_density_blank1_km2 = 
    * population_density_blank1_sq_mi = 
      timezone = 
      utc_offset = +2
      timezone_DST = 
      utc_offset_DST = 
      elevation_footnotes = <!--for references: use <ref> tags-->
      elevation_m = 1,184
      elevation_ft = 
      postal_code_type = <!-- enter ZIP code, Postcode, Post code, Postal code... -->
      postal_code = 
      iso_code = ZM-02
      area_code = 
      blank_name = 
      blank_info = 
      blank_name_sec1 = [[Human Development Index|HDI]] (2018)
      blank_info_sec1 = 0.585<ref name="GlobalDataLab">{{Cite web|url=https://hdi.gl
      website = {{URL|www.cen.gov.zm}}
      footnotes = }}
  -- sections --
    [] no table
    [History] no table
    [Geography] no table
    [Climate] no table
    [Environment] no table
    [Demographics] no table
    [Administration] 1 table(s)
      ref: {{cite web|title=Labour force survey|url=http://knoema.com/ZMLFS2012/labourforce-survey-2008-zambia|year=2008|access-date=17 October 2016|publisher=Central Statistical Office of Za
      ref: {{cite web|title=Population and Demography of Zambia|url=http://zambia.opendataforafrica.org/ZMPAD21016/population-and-demography-of-zambia|year=2015|publisher=Central Statistical 
      ref: "Central Province | Ministry Of Local Government And Housing." Mlgh.Gov.Zm, 2017, {{cite web |url=http://www.mlgh.gov.zm/?page_id=652 |title=Central Province &#124; Ministry of Loc
      ref: {{cite report|title=Zambia Public administration Country profile|url=http://unpan1.un.org/intradoc/groups/public/documents/un/unpan023293.pdf|page=7|publisher=Division for Public A
      ref: {{cite report|title=The local government system in Zambia|url=http://www.clgf.org.uk/default/assets/File/Country_profiles/Zambia.pdf|publisher=Common Wealth Local Government Forum|
      table 1: 11 rows
        Profession | % of working population
        Agriculture, Forestry, and Commercial Fishing | 13.00
        Community, Social, and Personal | 8.20
        ... 8 more rows
    [Economy and society] 1 table(s), not a composition: HIV infected & AIDS deaths Year HIV infected AIDS deaths 1985 1,448 28
    [Culture] no table
    [See also] no table
    [Citations] no table
    [General and cited references] no table
    [External links] no table

===== [en] 'Clarendon Parish, Jamaica', 11,258 bytes
  -- infobox --
      name = Clarendon
      native_name = ''Clarindan''
      type = [[Parishes of Jamaica|Parish]]
      image = May pen town cente 1 galleryfull.jpg
      alt = 
      caption = [[May Pen]] town centre
      image_map = Clarendon in Jamaica.svg
      map_size = 
      map_caption = Clarendon in Jamaica
      nickname = 
      coordinates = {{coord|18|00|N|77|17|W|type:adm1st_region:JM|display=inline
      subdivision_type = Country
      subdivision_name = [[Jamaica]]
      subdivision_type1 = County
      subdivision_name1 = [[Middlesex County, Jamaica|Middlesex]]
      named_for = [[Edward Hyde, 1st Earl of Clarendon]]
      seat_type = Parish capital
      seat = [[May Pen]]
      seat1_type = Largest city
      seat1 = [[May Pen]]
      area_total_km2 = 1196
    * population_total = 253,462
    * population_footnotes = <ref name="CFCJ_1">{{cite web| title=Clarendon, Jamaica| url=https://www.city-facts.com/clarendon/population| website=city-facts| date=2024| access-date=14 December 2024}}</ref>
    * population_as_of = 2015
    * population_demonym = Clarendonies
      website = [https://www.localgovjamaica.gov.jm/?s=clarendon Clarendon M
  -- sections --
    [] no table
    [History] no table
    [Geography and population] no table
    [Notable towns] no table
    [Economy] no table
    [Politics] no table
    [Places of interest] no table
    [Notable people] no table
    [References] no table
    [External links] no table

===== [en] 'Bankui Region', 13,163 bytes
  -- infobox --
      name = Bankui
      settlement_type = Region <!--For Town or Village (Leave blank for the default 
      official_name = 
      other_name = Boucle du Mouhoun
      native_name = 
      nickname = 
      motto = 
      image_skyline = Dedougou-Cotton.JPG
      imagesize = 
      image_caption = Trucks loaded with cotton in [[Dédougou]]
      image_flag = 
      flag_size = 
      image_seal = 
      seal_size = 
      image_shield = 
      shield_size = 
      image_blank_emblem = 
      blank_emblem_size = 
      image_map = File:Burkina Faso - Boucle du Mouhoun.svg
      mapsize = 300px
      map_caption = Location in Burkina Faso
      image_map1 = 
      mapsize1 = 
      map_caption1 = 
      pushpin_map = 
      pushpin_label_position = 
      subdivision_type = Country
      subdivision_name = {{flag|Burkina Faso}}
      subdivision_type1 = 
      subdivision_name1 = 
      subdivision_type2 = 
      subdivision_name2 = 
      seat_type = Capital
      seat = [[Dédougou]]
      government_type = 
      leader_title = Governor
      leader_name = Victor Dabiré
      leader_title1 = <!-- for places with, say, both a mayor and a city manager -
      leader_name1 = 
      established_title = 
      established_date = 
      area_magnitude = 
      area_footnotes = 
      area_total_km2 = 34162
      area_land_km2 = 
      area_water_km2 = 
      area_total_sq_mi = 
      area_land_sq_mi = 
      area_water_sq_mi = 
      area_water_percent = 
      area_urban_km2 = 
      area_urban_sq_mi = 
      area_metro_km2 = 
      area_metro_sq_mi = 
    * population_as_of = 2019 census
    * population_footnotes = <ref>[https://www.citypopulation.de/en/burkinafaso/cities/ Citypopulation.de] Population of regions in Burkina Faso</ref>
    * population_note = 
    * population_total = 1898133
    * population_density_km2 = auto
    * population_density_sq_mi = 
    * population_metro = 
    * population_density_metro_km2 = 
    * population_density_metro_sq_mi = 
    * population_urban = 183236
    * population_density_urban_km2 = 
    * population_density_urban_mi2 = 
      timezone = GMT 0
      utc_offset = +0
      timezone_DST = 
      utc_offset_DST = 
      coordinates = {{coord|12|30|N|3|30|W|region:BF|display=inline,title}}
      elevation_footnotes = <!--for references: use<ref> </ref> tags-->
      elevation_m = 
      elevation_ft = 
      postal_code_type = <!-- enter ZIP code, Postcode, Post code, Postal code... -->
      postal_code = 
      area_code = 
      blank_name_sec1 = [[Human Development Index|HDI]] (2017)
      blank_info_sec1 = 0.393<ref name="GlobalDataLab">{{Cite web|url=https://hdi.gl
      footnotes = }}
  -- sections --
    [] no table
    [Geography] no table
    [Demographics] no table
    [Economy] no table
    [Local administration] 1 table(s), not a composition: Provinces (Old) Capital 2006 Balé Province Boromo 213,897 Banwa Provin
    [References] no table
    [External links] no table

===== [en] 'Attard', 14,982 bytes
  -- infobox --
      name = Attard
      native_name = Ħ'Attard
      native_name_lang = mt
      official_name = 
      other_name = Casal Attard
      settlement_type = [[Local councils of Malta|Local council]]
      image_skyline = Parish-church-attard.jpg
      image_caption = [[Parish Church of St Mary, Attard]]
      image_flag = Flag of Attard.svg
      image_shield = Attard coa.svg
      etymology = 
      nickname = 
      motto = ''Florigera rosis halo''<br /><small>(I perfume the air with
      image_map = Attard in Malta.svg
      map_caption = 
      coordinates = {{coord|35|53|34|N|14|26|18|E|type:city_region:MT|display=in
      coordinates_footnotes = 
      subdivision_type = Country
      subdivision_name = {{flag|Malta}}
      subdivision_type1 = [[Regions of Malta|Region]]
      subdivision_name1 = [[Northern Region, Malta|Northern Region]]
      subdivision_type2 = [[Districts of Malta|District]]
      subdivision_name2 = [[Districts of Malta#Western District|Western District]]
      established_title = 
      established_date = 
      founder = 
      parts_type = Borders
      parts_style = para
      p1 = [[Balzan]], [[Lija]], [[Mdina]], [[Mosta]], [[Mtarfa]], [[Że
      leader_title = [[List of mayors of places in Malta|Mayor]]
      leader_name = Stefan Cordina
    * leader_party = [[Nationalist Party (Malta)|PN]]
      unit_pref = Metric
      area_total_km2 = 6.6
      area_note = 
      area_footnotes = 
      elevation_m = 
      elevation_footnotes = 
    * population_total = 12998
    * population_as_of = July 2024
    * population_footnotes = <ref name="nso_2012-2024">{{cite web |title=Mid-year population estimates by locality, sex and citizenship: 2012-2024 |url=https://nso.gov.mt/wp-content/uploads/Mid-year-population-estimates-by-locality-sex-and-citzenship_2012-2024.xlsx |pu
    * population_density_km2 = 1724
    * population_note = 
    * population_demonym = Saraċini
      timezone1 = [[Central European Time|CET]]
      utc_offset1 = +1
      timezone1_DST = [[Central European Summer Time|CEST]]
      utc_offset1_DST = +2
      postal_code_type = [[Postal codes in Malta|Postal code]]
      postal_code = ATD
      area_code_type = [[List of country calling codes|Dialing code]]
      area_code = 356
      iso_code = MT-01
    * blank_name_sec1 = [[Religion in Malta#Patron Saints|Patron saint]]
      blank_info_sec1 = [[Assumption of Mary]]
      blank1_name_sec1 = [[Public holidays in Malta#Traditional Feasts|Day of festa]]
      blank1_info_sec1 = 15 August
      website = {{official website|URL=https://hattardlc.gov.mt/en/}}
      footnotes = }}
  -- sections --
    [] no table
    [Etymology] no table
    [Municipality] no table
    [Zones in Attard] no table
    [Development] no table
    [Clubs and societies] no table
    [Notable residents] no table
    [San Anton Palace] no table
    [Notable] no table
    [Sport] no table
    [Twin towns – sister cities] no table
    [References] no table
    [External links] no table

===== [en] 'Artibonite (department)', 16,820 bytes
  -- infobox --
      type = [[departments of Haiti|Department]]
      name = Artibonite
      native_name = Latibonit
      native_name_lang = ht
      image = Commune de Dessalines.jpg
      image_size = 
      alt = 
      caption = [[Dessalines]], Artibonite
      image_map = Artibonite in Haiti.svg
      map_caption = Artibonite in Haiti
      area_total_km2 = 4986.94
    * population_rank = [[Departments of Haiti|2nd]]
    * population_as_of = 2015
    * population_density_km2 = auto
    * population_total = 1727524
    * population_footnotes = <ref>{{cite web|url=http://www.ihsi.ht/pdf/projection/Estimat_PopTotal_18ans_Menag2015.pdf |title=Estimated Pop Total 2015|access-date=2017-06-20 |url-status=dead |archive-url=https://web.archive.org/web/20151106110552/http://www.ihsi.ht/pd
      subdivision_type = Country
      subdivision_name = [[Image:Flag of Haiti.svg|25px]] [[Haiti]]
      subdivision_type1 = Capital
      subdivision_name1 = [[Gonaïves]]
      subdivision_type2 = Region
      subdivision_name2 = Artibonite
      subdivision_type3 = Symbole
      subdivision_name3 = Dessalines Coat of Arm
      iso_code = HT-AR
      time_zone = [[Eastern Standard Time|EST]]
      utc_offset = -05:00
      time_zone_DST = [[Eastern Daylight Time|EDT]]
      utc_offset_DST = -04:00
      custom_label_sec2 = [[Human Development Index|HDI]] (2017)
      custom_data_sec2 = 0.469<ref name="GlobalDataLab">{{Cite web|url=https://hdi.gl
    * population_urban = 739787
    * population_rural = 987737
      government_type = Departmental Council }}
  -- sections --
    [] no table
    [Etymology] no table
    [History] no table
    [Taino period] no table
    [French period] no table
    [Haitian Revolution] no table
    [Haitian period] no table
    [Geography] no table
    [Environment] no table
    [Economy] no table
    [Tourism] no table
    [Agriculture and Fishing] no table
    [Mining] no table
    [Salt Production] no table
    [Energy] no table
    [Transport] no table
    [Health] no table
    [Historic places and landmarks] no table
    [Demography] 2 table(s)
      ref name=":0": 
      ref: {{Cite web|url=http://www.ihsi.ht/tableau/POPULATION.pdf|title=Tableau 200: Répartition de la population par année d'âge selon le sexe et le milieu de résidence|website=IHSI|access
      ref: {{Cite web|url=http://www.ihsi.ht/pdf/projection/POPTOTAL&MENAGDENS_ESTIM2009.pdf |title=POPULATION TOTALE, POPULATION DE 18 ANS ET PLUS MENAGES ET DENSITES ESTIMES EN 2009 |websit
      ref name=":0": 
      table 1: 4 rows
        Year | Total Pop. | %± | Urban | Rural | Ratio
        2003 | 1,299,398 | ——— | 422,476 | 876,922 | 32:68
        2009 | 1,571,020 | 20.9% | 607,757 | 963,263 | 39:61
        ... 1 more rows
      table 2: 7 rows
        Commune | Nickname | Subregion | Population | Area | River
        Gros-Morne | Mango city | Corne-de-l'Artibonite | 141587 | 397 | Mancelle
        Gonaïves | Independence City | l'Artibonite | 360000 | 574 | La Quinte
        ... 4 more rows
    [Culture] no table
    [Administrative divisions] no table
    [References] no table
